
> kamaluso@1.0.0 build
> next build

redirects-map.json not found. No redirects loaded.
  Γû▓ Next.js 14.2.32
  - Environments: .env.local

   Linting and checking validity of types ...
node.exe : 
En C:\Program Files\nodejs\npm.ps1: 29 Carácter: 3
+   & $NODE_EXE $NPM_CLI_JS $args
+   ~~~~~~~~~~~~~~~~~~~~~~~~~~~~~
    + CategoryInfo          : NotSpecified:     (:String) [], RemoteException
    + FullyQualifiedErrorId : NativeCommandE    rror
 
Failed to compile.

./pages/admin/seo/strategies.tsx
142:86  Error: `"` can be escaped with `&quot;`, `&ldquo;`, `&#34;`, `&rdquo;`.  
react/no-unescaped-entities
142:112  Error: `"` can be escaped with `&quot;`, `&ldquo;`, `&#34;`, `&rdquo;`.  
react/no-unescaped-entities

./pages/pillar/[slug].tsx
68:53  Warning: Using `<img>` could result in slower LCP and higher bandwidth. 
Consider using `<Image />` from `next/image` to automatically optimize images. 
This may incur additional usage or cost from your provider. See: 
https://nextjs.org/docs/messages/no-img-element  @next/next/no-img-element

info  - Need to disable some ESLint rules? Learn more here: 
https://nextjs.org/docs/basic-features/eslint#disabling-rules
